// Jest Snapshot v1, https://goo.gl/fbAQLP

exports[`PCP Vector valkeyBackfill hook should request series api for backfilling and populate metric values 1`] = `
Array [
  Object {
    "instanceDomain": Object {
      "instances": Object {
        "0": Object {
          "instance": 0,
          "labels": Object {
            "agent": "linux",
            "device_type": "block",
            "domainname": "localdomain",
            "groupid": 976,
            "hostname": "dev",
            "indom_name": "per disk",
            "machineid": "6dabb302d60b402dabcc13dc4fd0fab8",
            "userid": 978,
          },
          "name": "nvme0n1",
        },
        "1": Object {
          "instance": 1,
          "labels": Object {
            "agent": "linux",
            "device_type": "block",
            "domainname": "localdomain",
            "groupid": 976,
            "hostname": "dev",
            "indom_name": "per disk",
            "machineid": "6dabb302d60b402dabcc13dc4fd0fab8",
            "userid": 978,
          },
          "name": "sda",
        },
      },
      "labels": Object {
        "device_type": "block",
        "domainname": "localdomain",
        "hostname": "dev",
        "indom_name": "per disk",
        "machineid": "6dabb302d60b402dabcc13dc4fd0fab8",
      },
    },
    "metadata": Object {
      "indom": "60.1",
      "labels": Object {
        "agent": "linux",
        "device_type": "block",
        "domainname": "localdomain",
        "hostname": "dev",
        "indom_name": "per disk",
        "machineid": "6dabb302d60b402dabcc13dc4fd0fab8",
      },
      "name": "disk.dev.read",
      "sem": "counter",
      "series": "f87250c4ea0e5eca8ff2ca3b3044ba1a6c91a3d9",
      "text-help": "Cumulative number of disk read operations since system boot time (subject
to counter wrap).",
      "text-oneline": "per-disk read operations",
      "type": "u64",
      "units": "count",
    },
    "values": Array [
      Object {
        "timestampMs": 1599320691309.872,
        "values": Array [
          Object {
            "instance": 0,
            "value": 1786894,
          },
          Object {
            "instance": 1,
            "value": 0,
          },
        ],
      },
      Object {
        "timestampMs": 1599320691310.872,
        "values": Array [
          Object {
            "instance": 0,
            "value": 1786896,
          },
          Object {
            "instance": 1,
            "value": 0,
          },
        ],
      },
    ],
  },
  Object {
    "metadata": Object {
      "labels": Object {
        "agent": "linux",
        "domainname": "localdomain",
        "hostname": "dev",
        "machineid": "6dabb302d60b402dabcc13dc4fd0fab8",
      },
      "name": "kernel.all.sysfork",
      "sem": "counter",
      "series": "73d93ee9efa086923d0c9eabc96f98f2b583b8f2",
      "text-help": "fork rate metric from /proc/stat",
      "text-oneline": "fork rate metric from /proc/stat",
      "type": "u64",
      "units": "count",
    },
    "values": Array [
      Object {
        "timestampMs": 10000,
        "values": Array [
          Object {
            "instance": null,
            "value": 100,
          },
        ],
      },
      Object {
        "timestampMs": 11000,
        "values": Array [
          Object {
            "instance": null,
            "value": 200,
          },
        ],
      },
    ],
  },
]
`;
